2026-06-17 20:51:42.435 INFO  (main) [] o.e.j.s.Server jetty-12.0.27; built: 2025-09-10T23:47:49.595Z; git: 3569a3e83ad136ee44e26b370b74c1c5e9f33e61; jvm 21.0.11
2026-06-17 20:51:43.079 INFO  (main) [] o.e.j.e.w.StandardDescriptorProcessor NO JSP Support for /solr, did not find org.apache.jasper.servlet.JspServlet
2026-06-17 20:51:43.125 INFO  (main) [] o.e.j.s.h.ContextHandler Started oeje10w.WebAppContext@29d37757{solr-jetty-context,/solr,b=file:///Users/gardness/Coding/mhs/mhs/solr-10.0.0/server/solr-webapp/webapp/,a=AVAILABLE,h=oeje10s.SessionHandler@4fcc529{STARTED}}{/Users/gardness/Coding/mhs/mhs/solr-10.0.0/server/solr-webapp/webapp}
2026-06-17 20:51:43.140 INFO  (main) [] o.a.s.s.CoreContainerProvider Using logger factory org.apache.logging.slf4j.Log4jLoggerFactory
2026-06-17 20:51:43.151 INFO  (main) [] o.a.s.s.CoreContainerProvider  ___      _       Welcome to Apache Solr™ version 10.0.0
2026-06-17 20:51:43.152 INFO  (main) [] o.a.s.s.CoreContainerProvider / __| ___| |_ _   Starting in cloud mode on port 8983
2026-06-17 20:51:43.152 INFO  (main) [] o.a.s.s.CoreContainerProvider \__ \/ _ \ | '_|  Install dir: /Users/gardness/Coding/mhs/mhs/solr-10.0.0
2026-06-17 20:51:43.152 INFO  (main) [] o.a.s.s.CoreContainerProvider |___/\___/_|_|    Start time: 2026-06-17T20:51:43.152600Z
2026-06-17 20:51:43.158 INFO  (main) [] o.a.s.s.CoreContainerProvider Solr started with "-XX:+CrashOnOutOfMemoryError" that will crash on any OutOfMemoryError exception. The cause of the OOME will be logged in the crash file at the following path: /Users/gardness/Coding/mhs/mhs/solr-10.0.0/server/logs/jvm_crash_17573.log
2026-06-17 20:51:43.624 INFO  (main) [] o.a.l.i.v.PanamaVectorizationProvider Java vector incubator API enabled; uses preferredBitSize=128
2026-06-17 20:51:43.643 INFO  (main) [] o.a.s.s.CoreContainerProvider Solr Home: /Users/gardness/Coding/mhs/mhs/solr-10.0.0/server/solr (source: system property: solr.solr.home)
2026-06-17 20:51:43.673 INFO  (main) [] o.a.s.c.SolrXmlConfig Loading solr.xml from /Users/gardness/Coding/mhs/mhs/solr-10.0.0/server/solr/solr.xml
2026-06-17 20:51:43.757 INFO  (main) [] o.a.s.c.SolrResourceLoader Added 1 libs to classloader, from paths: [/Users/gardness/Coding/mhs/mhs/solr-10.0.0/lib]
2026-06-17 20:51:44.487 INFO  (main) [] o.a.s.c.OpenTelemetryConfigurator OpenTelemetry tracer enabled with simple propagation only.
2026-06-17 20:51:45.066 INFO  (main) [] o.a.s.m.OtelRuntimeJvmMetrics JVM metrics collection successfully initialized
2026-06-17 20:51:46.158 INFO  (main) [] o.a.s.u.StartupLoggingUtils Jetty request logging enabled. Will retain logs for last 3 days.
2026-06-17 20:51:46.166 INFO  (main) [] o.a.s.c.SolrZkServerProps Reading configuration from: /Users/gardness/Coding/mhs/mhs/solr-10.0.0/server/solr/zoo.cfg
2026-06-17 20:51:46.170 INFO  (main) [] o.a.s.c.SolrZkServer STARTING EMBEDDED ENSEMBLE ZOOKEEPER SERVER at port 9983, listening on host 127.0.0.1
2026-06-17 20:51:46.217 WARN  (embeddedZkServer) [] o.a.z.s.ServerCnxnFactory maxCnxns is not configured, using default value 0.
2026-06-17 20:51:46.678 INFO  (main) [] o.a.s.c.ZkContainer Zookeeper client=127.0.0.1:9983
2026-06-17 20:51:46.763 INFO  (main) [] o.a.c.f.i.CuratorFrameworkImpl Starting
2026-06-17 20:51:46.794 INFO  (main) [] o.a.c.f.i.CuratorFrameworkImpl Default schema
2026-06-17 20:51:46.827 INFO  (main-EventThread) [] o.a.c.f.s.ConnectionStateManager State change: CONNECTED
2026-06-17 20:51:46.838 INFO  (main-EventThread) [] o.a.c.f.i.EnsembleTracker New config event received: {}
2026-06-17 20:51:46.839 INFO  (main-EventThread) [] o.a.c.f.i.EnsembleTracker New config event received: {}
2026-06-17 20:51:46.928 WARN  (main) [] o.a.s.c.ZkController Contents of zookeeper /security.json are world-readable; consider setting up ACLs as described in https://solr.apache.org/guide/solr/latest/deployment-guide/zookeeper-access-control.html
2026-06-17 20:51:46.941 INFO  (main) [] o.a.s.c.c.ZkStateReader Updated live nodes from ZooKeeper... (0) -> (1)
2026-06-17 20:51:46.981 INFO  (main) [] o.a.s.c.ZkController The Overseer is enabled.  It will process all cluster commands & state updates.
2026-06-17 20:52:17.602 INFO  (zkCallback-12-thread-2) [] o.a.s.c.c.ZkStateReader Updated live nodes from ZooKeeper... (1) -> (0)
2026-06-17 20:52:17.660 INFO  (main) [] o.a.s.c.OverseerElectionContext I am going to be the leader localhost:8983_solr
2026-06-17 20:52:17.672 INFO  (main) [] o.a.s.c.Overseer Overseer (id=72246417457152000-localhost:8983_solr-n_0000000009) starting
2026-06-17 20:52:17.740 INFO  (main) [] o.a.s.c.ZkController Register node as live in ZooKeeper: /live_nodes/localhost:8983_solr
2026-06-17 20:52:17.752 INFO  (OverseerStateUpdate-72246417457152000-localhost:8983_solr-n_0000000009) [] o.a.s.c.Overseer Starting to work on the main queue : localhost:8983_solr
2026-06-17 20:52:17.770 INFO  (OverseerStateUpdate-72246417457152000-localhost:8983_solr-n_0000000009) [] o.a.s.c.c.ZkStateReader Updated live nodes from ZooKeeper... (0) -> (1)
2026-06-17 20:52:17.853 WARN  (main) [] o.a.s.c.CoreContainer Not all security plugins configured!  authentication=disabled authorization=disabled.  Solr is only as secure as you make it. Consider configuring authentication/authorization before exposing Solr to users internal or external.  See https://s.apache.org/solrsecurity for more info
2026-06-17 20:52:18.182 INFO  (main) [] o.a.s.c.CorePropertiesLocator Found 1 core definitions underneath /Users/gardness/Coding/mhs/mhs/solr-10.0.0/server/solr
2026-06-17 20:52:18.183 INFO  (main) [] o.a.s.c.CorePropertiesLocator Cores are: [mhs_photos_shard1_replica_n1]
2026-06-17 20:52:18.328 INFO  (coreLoadExecutor-21-thread-1-processing-localhost:8983_solr) [] o.a.s.c.SolrConfig Using Lucene MatchVersion: 10.3.0
2026-06-17 20:52:18.443 INFO  (coreLoadExecutor-21-thread-1-processing-localhost:8983_solr) [] o.a.s.s.IndexSchema Schema name=default-config
2026-06-17 20:52:18.483 WARN  (main) [] o.g.j.m.i.MessagingBinders A class jakarta.activation.DataSource for a default provider MessageBodyWriter<jakarta.activation.DataSource> was not found. The provider is not available.
2026-06-17 20:52:18.969 INFO  (coreLoadExecutor-21-thread-1-processing-localhost:8983_solr) [] o.a.s.s.IndexSchema Loaded schema default-config/1.7 with uniqueid field id
2026-06-17 20:52:19.051 INFO  (coreLoadExecutor-21-thread-1-processing-localhost:8983_solr) [c:mhs_photos s:shard1 r:core_node2 x:mhs_photos_shard1_replica_n1] o.a.s.c.SolrConfig Using Lucene MatchVersion: 10.3.0
2026-06-17 20:52:19.063 INFO  (coreLoadExecutor-21-thread-1-processing-localhost:8983_solr) [c:mhs_photos s:shard1 r:core_node2 x:mhs_photos_shard1_replica_n1] o.a.s.s.IndexSchema Schema name=default-config
2026-06-17 20:52:19.216 INFO  (main) [] o.a.s.j.SolrRequestAuthorizer Creating a new SolrRequestAuthorizer
2026-06-17 20:52:19.711 INFO  (coreLoadExecutor-21-thread-1-processing-localhost:8983_solr) [c:mhs_photos s:shard1 r:core_node2 x:mhs_photos_shard1_replica_n1] o.a.s.s.IndexSchema Loaded schema default-config/1.7 with uniqueid field id
2026-06-17 20:52:19.712 INFO  (coreLoadExecutor-21-thread-1-processing-localhost:8983_solr) [c:mhs_photos s:shard1 r:core_node2 x:mhs_photos_shard1_replica_n1] o.a.s.c.CoreContainer Creating SolrCore 'mhs_photos_shard1_replica_n1' using configuration from configset _default
2026-06-17 20:52:19.768 WARN  (main) [] o.e.j.u.DeprecationWarning Using @Deprecated Class org.eclipse.jetty.ee10.servlets.CrossOriginFilter
2026-06-17 20:52:19.781 INFO  (coreLoadExecutor-21-thread-1-processing-localhost:8983_solr) [c:mhs_photos s:shard1 r:core_node2 x:mhs_photos_shard1_replica_n1] o.a.s.c.SolrCore Opening new SolrCore at [/Users/gardness/Coding/mhs/mhs/solr-10.0.0/server/solr/mhs_photos_shard1_replica_n1], dataDir=[/Users/gardness/Coding/mhs/mhs/solr-10.0.0/server/solr/mhs_photos_shard1_replica_n1/data/]
2026-06-17 20:52:19.840 INFO  (main) [] o.e.j.e.s.ServletContextHandler Started oeje10w.WebAppContext@29d37757{solr-jetty-context,/solr,b=file:///Users/gardness/Coding/mhs/mhs/solr-10.0.0/server/solr-webapp/webapp/,a=AVAILABLE,h=oeje10s.SessionHandler@4fcc529{STARTED}}{/Users/gardness/Coding/mhs/mhs/solr-10.0.0/server/solr-webapp/webapp}
2026-06-17 20:52:19.860 INFO  (main) [] o.e.j.s.RequestLogWriter Opened /Users/gardness/Coding/mhs/mhs/solr-10.0.0/server/logs/2026_06_17.request.log
2026-06-17 20:52:19.867 INFO  (main) [] o.e.j.s.AbstractConnector Started ServerConnector@6f27730b{HTTP/1.1, (http/1.1, h2c)}{127.0.0.1:8983}
2026-06-17 20:52:19.874 INFO  (main) [] o.e.j.s.Server Started oejs.Server@3a62c01e{STARTING}[12.0.27,sto=0] @39861ms
2026-06-17 20:52:20.050 INFO  (qtp1632914150-42-null-1) [ t:null-1] o.a.s.s.HttpSolrCall [admin] path=/admin/info/system params={wt=javabin} status=0 QTime=47
2026-06-17 20:52:20.104 INFO  (qtp1632914150-42-null-2) [ t:null-2] o.a.s.s.HttpSolrCall [admin] path=/admin/collections params={action=CLUSTERSTATUS&wt=javabin} status=0 QTime=16
2026-06-17 20:52:20.318 INFO  (coreLoadExecutor-21-thread-1-processing-localhost:8983_solr) [c:mhs_photos s:shard1 r:core_node2 x:mhs_photos_shard1_replica_n1] o.a.s.j.SolrRequestAuthorizer Creating a new SolrRequestAuthorizer
2026-06-17 20:52:20.352 INFO  (coreLoadExecutor-21-thread-1-processing-localhost:8983_solr) [c:mhs_photos s:shard1 r:core_node2 x:mhs_photos_shard1_replica_n1] o.a.s.u.UpdateHandler Using UpdateLog implementation: org.apache.solr.update.UpdateLog
2026-06-17 20:52:20.357 INFO  (coreLoadExecutor-21-thread-1-processing-localhost:8983_solr) [c:mhs_photos s:shard1 r:core_node2 x:mhs_photos_shard1_replica_n1] o.a.s.u.UpdateLog Initializing UpdateLog: dataDir= defaultSyncLevel=FLUSH numRecordsToKeep=100 maxNumLogsToKeep=10
2026-06-17 20:52:20.358 INFO  (coreLoadExecutor-21-thread-1-processing-localhost:8983_solr) [c:mhs_photos s:shard1 r:core_node2 x:mhs_photos_shard1_replica_n1] o.a.s.u.CommitTracker Hard AutoCommit: if uncommitted for 15000ms; 
2026-06-17 20:52:20.360 INFO  (coreLoadExecutor-21-thread-1-processing-localhost:8983_solr) [c:mhs_photos s:shard1 r:core_node2 x:mhs_photos_shard1_replica_n1] o.a.s.u.CommitTracker Soft AutoCommit: if uncommitted for 3000ms; 
2026-06-17 20:52:20.491 INFO  (coreLoadExecutor-21-thread-1-processing-localhost:8983_solr) [c:mhs_photos s:shard1 r:core_node2 x:mhs_photos_shard1_replica_n1] o.a.s.r.ManagedResourceStorage Configured ZooKeeperStorageIO with znodeBase: /configs/_default
2026-06-17 20:52:20.493 INFO  (coreLoadExecutor-21-thread-1-processing-localhost:8983_solr) [c:mhs_photos s:shard1 r:core_node2 x:mhs_photos_shard1_replica_n1] o.a.s.r.ManagedResourceStorage Loaded null at path _rest_managed.json using ZooKeeperStorageIO:path=/configs/_default
2026-06-17 20:52:20.494 INFO  (coreLoadExecutor-21-thread-1-processing-localhost:8983_solr) [c:mhs_photos s:shard1 r:core_node2 x:mhs_photos_shard1_replica_n1] o.a.s.s.ZkIndexSchemaReader Creating ZooKeeper watch for the managed schema at /configs/_default/managed-schema.xml
2026-06-17 20:52:20.496 INFO  (coreLoadExecutor-21-thread-1-processing-localhost:8983_solr) [c:mhs_photos s:shard1 r:core_node2 x:mhs_photos_shard1_replica_n1] o.a.s.s.ZkIndexSchemaReader Current schema version 4 is already the latest
2026-06-17 20:52:20.504 INFO  (coreLoadExecutor-21-thread-1-processing-localhost:8983_solr) [c:mhs_photos s:shard1 r:core_node2 x:mhs_photos_shard1_replica_n1] o.a.s.s.DirectSolrSpellChecker init: {accuracy=0.5, maxQueryFrequency=0.01, maxEdits=2, minPrefix=1, maxInspections=5, minQueryLength=4, name=default, field=_text_, classname=solr.DirectSolrSpellChecker, distanceMeasure=internal}
2026-06-17 20:52:20.511 INFO  (coreLoadExecutor-21-thread-1-processing-localhost:8983_solr) [c:mhs_photos s:shard1 r:core_node2 x:mhs_photos_shard1_replica_n1] o.a.s.h.ReplicationHandler Commits will be reserved for 10000 ms
2026-06-17 20:52:20.516 INFO  (searcherExecutor-23-thread-1-processing-localhost:8983_solr mhs_photos_shard1_replica_n1 mhs_photos shard1 core_node2) [c:mhs_photos s:shard1 r:core_node2 x:mhs_photos_shard1_replica_n1] o.a.s.c.QuerySenderListener QuerySenderListener done.
2026-06-17 20:52:20.516 INFO  (searcherExecutor-23-thread-1-processing-localhost:8983_solr mhs_photos_shard1_replica_n1 mhs_photos shard1 core_node2) [c:mhs_photos s:shard1 r:core_node2 x:mhs_photos_shard1_replica_n1] o.a.s.h.c.SpellCheckComponent Loading spell index for spellchecker: default
2026-06-17 20:52:20.527 INFO  (searcherExecutor-23-thread-1-processing-localhost:8983_solr mhs_photos_shard1_replica_n1 mhs_photos shard1 core_node2) [c:mhs_photos s:shard1 r:core_node2 x:mhs_photos_shard1_replica_n1] o.a.s.c.SolrCore Registered new searcher autowarm time: 0 ms
2026-06-17 20:52:20.540 INFO  (coreZkRegister-1-thread-1-processing-localhost:8983_solr mhs_photos_shard1_replica_n1 mhs_photos shard1 core_node2) [c:mhs_photos s:shard1 r:core_node2 x:mhs_photos_shard1_replica_n1] o.a.s.c.ShardLeaderElectionContextBase make sure parent is created /collections/mhs_photos/leaders/shard1
2026-06-17 20:52:20.554 INFO  (coreZkRegister-1-thread-1-processing-localhost:8983_solr mhs_photos_shard1_replica_n1 mhs_photos shard1 core_node2) [c:mhs_photos s:shard1 r:core_node2 x:mhs_photos_shard1_replica_n1] o.a.s.c.ShardLeaderElectionContext Enough replicas found to continue.
2026-06-17 20:52:20.554 INFO  (coreZkRegister-1-thread-1-processing-localhost:8983_solr mhs_photos_shard1_replica_n1 mhs_photos shard1 core_node2) [c:mhs_photos s:shard1 r:core_node2 x:mhs_photos_shard1_replica_n1] o.a.s.c.ShardLeaderElectionContext I may be the new leader - try and sync
2026-06-17 20:52:20.554 INFO  (coreZkRegister-1-thread-1-processing-localhost:8983_solr mhs_photos_shard1_replica_n1 mhs_photos shard1 core_node2) [c:mhs_photos s:shard1 r:core_node2 x:mhs_photos_shard1_replica_n1] o.a.s.c.SyncStrategy Sync replicas to http://localhost:8983/solr/mhs_photos_shard1_replica_n1/
2026-06-17 20:52:20.555 INFO  (coreZkRegister-1-thread-1-processing-localhost:8983_solr mhs_photos_shard1_replica_n1 mhs_photos shard1 core_node2) [c:mhs_photos s:shard1 r:core_node2 x:mhs_photos_shard1_replica_n1] o.a.s.c.SyncStrategy Sync Success - now sync replicas to me
2026-06-17 20:52:20.555 INFO  (coreZkRegister-1-thread-1-processing-localhost:8983_solr mhs_photos_shard1_replica_n1 mhs_photos shard1 core_node2) [c:mhs_photos s:shard1 r:core_node2 x:mhs_photos_shard1_replica_n1] o.a.s.c.SyncStrategy http://localhost:8983/solr/mhs_photos_shard1_replica_n1/ has no replicas
2026-06-17 20:52:20.556 INFO  (coreZkRegister-1-thread-1-processing-localhost:8983_solr mhs_photos_shard1_replica_n1 mhs_photos shard1 core_node2) [c:mhs_photos s:shard1 r:core_node2 x:mhs_photos_shard1_replica_n1] o.a.s.c.ShardLeaderElectionContextBase Creating leader registration node /collections/mhs_photos/leaders/shard1/leader after winning as /collections/mhs_photos/leader_elect/shard1/election/72246417457152000-core_node2-n_0000000008
2026-06-17 20:52:20.566 INFO  (coreZkRegister-1-thread-1-processing-localhost:8983_solr mhs_photos_shard1_replica_n1 mhs_photos shard1 core_node2) [c:mhs_photos s:shard1 r:core_node2 x:mhs_photos_shard1_replica_n1] o.a.s.c.ShardLeaderElectionContext I am the new leader: http://localhost:8983/solr/mhs_photos_shard1_replica_n1/ shard1
2026-06-17 20:52:20.577 INFO  (coreZkRegister-1-thread-1-processing-localhost:8983_solr mhs_photos_shard1_replica_n1 mhs_photos shard1 core_node2) [c:mhs_photos s:shard1 r:core_node2 x:mhs_photos_shard1_replica_n1] o.a.s.c.ZkController I am the leader, no recovery necessary
2026-06-17 20:52:20.622 INFO  (zkCallback-12-thread-2) [] o.a.s.c.c.ZkStateReader A cluster state change: [WatchedEvent state:SyncConnected type:NodeDataChanged path:/collections/mhs_photos/state.json zxid: -1] for collection [mhs_photos] has occurred - updating... (live nodes size: [1])
2026-06-17 21:00:44.007 INFO  (qtp1632914150-35-null-3) [c:mhs_photos s:shard1 r:core_node2 x:mhs_photos_shard1_replica_n1 t:null-3] o.a.s.c.S.Request path=/select params={q=ndp&defType=edismax&qf=subject+keywords+headline+description&fl=id,file_name,directory,subject,keywords,headline,description&rows=10&wt=json} rid=null-3 hits=50 status=0 QTime=114
2026-06-17 21:07:17.468 INFO  (qtp1632914150-36-null-4) [c:mhs_photos s:shard1 r:core_node2 x:mhs_photos_shard1_replica_n1 t:null-4] o.a.s.c.S.Request path=/select params={q=ndp&defType=edismax&qf=subject+keywords+headline+description&fl=id,file_name,directory,subject,keywords,headline,description&rows=10&wt=json} rid=null-4 hits=50 status=0 QTime=9
2026-06-17 21:13:00.513 INFO  (qtp1632914150-37-null-5) [c:mhs_photos s:shard1 r:core_node2 x:mhs_photos_shard1_replica_n1 t:null-5] o.a.s.u.p.LogUpdateProcessorFactory path=/update params={commit=false}{add=[6P-Political-1001 (1868280134782418944), 6P-Political-1002 (1868280134823313408), 6P-Political-1003 (1868280134824361984), 6P-Political-1004 (1868280134826459136), 6P-Political-1005 (1868280134828556288), 6P-Political-1006 (1868280134832750592), 6P-Political-1007 (1868280134833799168), 6P-Political-1008 (1868280134836944896), 6P-Political-1009 (1868280134839042048), 6P-Political-1010 (1868280134841139200), ... (50 adds)]} 0 189
2026-06-17 21:13:00.809 INFO  (searcherExecutor-23-thread-2-processing-localhost:8983_solr mhs_photos_shard1_replica_n1 null-6 mhs_photos shard1 core_node2) [c:mhs_photos s:shard1 r:core_node2 x:mhs_photos_shard1_replica_n1 t:null-6] o.a.s.c.QuerySenderListener QuerySenderListener done.
2026-06-17 21:13:00.812 INFO  (searcherExecutor-23-thread-2-processing-localhost:8983_solr mhs_photos_shard1_replica_n1 null-6 mhs_photos shard1 core_node2) [c:mhs_photos s:shard1 r:core_node2 x:mhs_photos_shard1_replica_n1 t:null-6] o.a.s.c.SolrCore Registered new searcher autowarm time: 4 ms
2026-06-17 21:13:00.814 INFO  (qtp1632914150-37-null-6) [c:mhs_photos s:shard1 r:core_node2 x:mhs_photos_shard1_replica_n1 t:null-6] o.a.s.u.p.LogUpdateProcessorFactory path=/update params={}{commit=} 0 292
2026-06-17 21:13:00.824 WARN  (qtp1632914150-37-null-6) [c:mhs_photos s:shard1 r:core_node2 x:mhs_photos_shard1_replica_n1 t:null-6] i.o.s.m.SdkObservableInstrument CallbackRegistration{instrumentDescriptors=[InstrumentDescriptor{name=solr_core_indexsearcher_cache_warmup_time, description=Cache warmup time (most recent), unit=ms, type=OBSERVABLE_GAUGE, valueType=LONG, advice=Advice{explicitBucketBoundaries=null, attributes=null}}, InstrumentDescriptor{name=solr_core_indexsearcher_cache_size, description=Current number cache entries, unit=, type=OBSERVABLE_GAUGE, valueType=LONG, advice=Advice{explicitBucketBoundaries=null, attributes=null}}, InstrumentDescriptor{name=solr_core_indexsearcher_cache_ram_used, description=RAM bytes used by cache, unit=By, type=OBSERVABLE_GAUGE, valueType=LONG, advice=Advice{explicitBucketBoundaries=null, attributes=null}}, InstrumentDescriptor{name=solr_core_indexsearcher_cache_ops, description=Number of cumulative cache operations (inserts and evictions), unit=, type=OBSERVABLE_COUNTER, valueType=LONG, advice=Advice{explicitBucketBoundaries=null, attributes=null}}, InstrumentDescriptor{name=solr_core_indexsearcher_cache_lookups, description=Number of cumulative cache lookup results (hits and misses), unit=, type=OBSERVABLE_COUNTER, valueType=LONG, advice=Advice{explicitBucketBoundaries=null, attributes=null}}]} has called close() multiple times.
2026-06-17 21:13:00.824 WARN  (qtp1632914150-37-null-6) [c:mhs_photos s:shard1 r:core_node2 x:mhs_photos_shard1_replica_n1 t:null-6] i.o.s.m.SdkObservableInstrument CallbackRegistration{instrumentDescriptors=[InstrumentDescriptor{name=solr_core_indexsearcher_cache_ram_used, description=RAM bytes used by cache, unit=By, type=OBSERVABLE_GAUGE, valueType=LONG, advice=Advice{explicitBucketBoundaries=null, attributes=null}}, InstrumentDescriptor{name=solr_core_indexsearcher_cache_size, description=Current number cache entries, unit=, type=OBSERVABLE_GAUGE, valueType=LONG, advice=Advice{explicitBucketBoundaries=null, attributes=null}}, InstrumentDescriptor{name=solr_core_indexsearcher_cache_ops, description=Number of cumulative cache operations (inserts and evictions), unit=, type=OBSERVABLE_COUNTER, valueType=LONG, advice=Advice{explicitBucketBoundaries=null, attributes=null}}, InstrumentDescriptor{name=solr_core_indexsearcher_cache_lookups, description=Number of cumulative cache lookup results (hits and misses), unit=, type=OBSERVABLE_COUNTER, valueType=LONG, advice=Advice{explicitBucketBoundaries=null, attributes=null}}, InstrumentDescriptor{name=solr_core_indexsearcher_cache_warmup_time, description=Cache warmup time (most recent), unit=ms, type=OBSERVABLE_GAUGE, valueType=LONG, advice=Advice{explicitBucketBoundaries=null, attributes=null}}]} has called close() multiple times.
2026-06-17 21:13:00.824 WARN  (qtp1632914150-37-null-6) [c:mhs_photos s:shard1 r:core_node2 x:mhs_photos_shard1_replica_n1 t:null-6] i.o.s.m.SdkObservableInstrument CallbackRegistration{instrumentDescriptors=[InstrumentDescriptor{name=solr_core_indexsearcher_cache_size, description=Current number cache entries, unit=, type=OBSERVABLE_GAUGE, valueType=LONG, advice=Advice{explicitBucketBoundaries=null, attributes=null}}, InstrumentDescriptor{name=solr_core_indexsearcher_cache_ram_used, description=RAM bytes used by cache, unit=By, type=OBSERVABLE_GAUGE, valueType=LONG, advice=Advice{explicitBucketBoundaries=null, attributes=null}}, InstrumentDescriptor{name=solr_core_indexsearcher_cache_warmup_time, description=Cache warmup time (most recent), unit=ms, type=OBSERVABLE_GAUGE, valueType=LONG, advice=Advice{explicitBucketBoundaries=null, attributes=null}}, InstrumentDescriptor{name=solr_core_indexsearcher_cache_ops, description=Number of cumulative cache operations (inserts and evictions), unit=, type=OBSERVABLE_COUNTER, valueType=LONG, advice=Advice{explicitBucketBoundaries=null, attributes=null}}, InstrumentDescriptor{name=solr_core_indexsearcher_cache_lookups, description=Number of cumulative cache lookup results (hits and misses), unit=, type=OBSERVABLE_COUNTER, valueType=LONG, advice=Advice{explicitBucketBoundaries=null, attributes=null}}]} has called close() multiple times.
2026-06-17 21:13:00.824 WARN  (qtp1632914150-37-null-6) [c:mhs_photos s:shard1 r:core_node2 x:mhs_photos_shard1_replica_n1 t:null-6] i.o.s.m.SdkObservableInstrument CallbackRegistration{instrumentDescriptors=[InstrumentDescriptor{name=solr_core_indexsearcher_cache_warmup_time, description=Cache warmup time (most recent), unit=ms, type=OBSERVABLE_GAUGE, valueType=LONG, advice=Advice{explicitBucketBoundaries=null, attributes=null}}, InstrumentDescriptor{name=solr_core_indexsearcher_cache_ram_used, description=RAM bytes used by cache, unit=By, type=OBSERVABLE_GAUGE, valueType=LONG, advice=Advice{explicitBucketBoundaries=null, attributes=null}}, InstrumentDescriptor{name=solr_core_indexsearcher_cache_ops, description=Number of cumulative cache operations (inserts and evictions), unit=, type=OBSERVABLE_COUNTER, valueType=LONG, advice=Advice{explicitBucketBoundaries=null, attributes=null}}, InstrumentDescriptor{name=solr_core_indexsearcher_cache_lookups, description=Number of cumulative cache lookup results (hits and misses), unit=, type=OBSERVABLE_COUNTER, valueType=LONG, advice=Advice{explicitBucketBoundaries=null, attributes=null}}, InstrumentDescriptor{name=solr_core_indexsearcher_cache_size, description=Current number cache entries, unit=, type=OBSERVABLE_GAUGE, valueType=LONG, advice=Advice{explicitBucketBoundaries=null, attributes=null}}]} has called close() multiple times.
2026-06-17 21:13:00.824 WARN  (qtp1632914150-37-null-6) [c:mhs_photos s:shard1 r:core_node2 x:mhs_photos_shard1_replica_n1 t:null-6] i.o.s.m.SdkObservableInstrument CallbackRegistration{instrumentDescriptors=[InstrumentDescriptor{name=solr_core_indexsearcher_cache_size, description=Current number cache entries, unit=, type=OBSERVABLE_GAUGE, valueType=LONG, advice=Advice{explicitBucketBoundaries=null, attributes=null}}, InstrumentDescriptor{name=solr_core_indexsearcher_cache_ram_used, description=RAM bytes used by cache, unit=By, type=OBSERVABLE_GAUGE, valueType=LONG, advice=Advice{explicitBucketBoundaries=null, attributes=null}}, InstrumentDescriptor{name=solr_core_indexsearcher_cache_ops, description=Number of cumulative cache operations (inserts and evictions), unit=, type=OBSERVABLE_COUNTER, valueType=LONG, advice=Advice{explicitBucketBoundaries=null, attributes=null}}, InstrumentDescriptor{name=solr_core_indexsearcher_cache_lookups, description=Number of cumulative cache lookup results (hits and misses), unit=, type=OBSERVABLE_COUNTER, valueType=LONG, advice=Advice{explicitBucketBoundaries=null, attributes=null}}, InstrumentDescriptor{name=solr_core_indexsearcher_cache_warmup_time, description=Cache warmup time (most recent), unit=ms, type=OBSERVABLE_GAUGE, valueType=LONG, advice=Advice{explicitBucketBoundaries=null, attributes=null}}]} has called close() multiple times.
2026-06-17 21:13:00.824 WARN  (qtp1632914150-37-null-6) [c:mhs_photos s:shard1 r:core_node2 x:mhs_photos_shard1_replica_n1 t:null-6] i.o.s.m.SdkObservableInstrument CallbackRegistration{instrumentDescriptors=[InstrumentDescriptor{name=solr_core_indexsearcher_live_docs_cache, description=LiveDocs cache metrics, unit=, type=OBSERVABLE_COUNTER, valueType=LONG, advice=Advice{explicitBucketBoundaries=null, attributes=null}}]} has called close() multiple times.
2026-06-17 21:13:00.824 WARN  (qtp1632914150-37-null-6) [c:mhs_photos s:shard1 r:core_node2 x:mhs_photos_shard1_replica_n1 t:null-6] i.o.s.m.SdkObservableInstrument CallbackRegistration{instrumentDescriptors=[InstrumentDescriptor{name=solr_core_indexsearcher_index_num_docs, description=Number of live docs in the index, unit=, type=OBSERVABLE_GAUGE, valueType=LONG, advice=Advice{explicitBucketBoundaries=null, attributes=null}}]} has called close() multiple times.
2026-06-17 21:13:00.824 WARN  (qtp1632914150-37-null-6) [c:mhs_photos s:shard1 r:core_node2 x:mhs_photos_shard1_replica_n1 t:null-6] i.o.s.m.SdkObservableInstrument CallbackRegistration{instrumentDescriptors=[InstrumentDescriptor{name=solr_core_indexsearcher_index_docs, description=Total number of docs in the index (including deletions), unit=, type=OBSERVABLE_GAUGE, valueType=LONG, advice=Advice{explicitBucketBoundaries=null, attributes=null}}]} has called close() multiple times.
2026-06-17 21:13:00.825 WARN  (qtp1632914150-37-null-6) [c:mhs_photos s:shard1 r:core_node2 x:mhs_photos_shard1_replica_n1 t:null-6] i.o.s.m.SdkObservableInstrument CallbackRegistration{instrumentDescriptors=[InstrumentDescriptor{name=solr_core_indexsearcher_index_version, description=Lucene index version, unit=, type=OBSERVABLE_GAUGE, valueType=LONG, advice=Advice{explicitBucketBoundaries=null, attributes=null}}]} has called close() multiple times.
2026-06-17 21:22:58.324 INFO  (qtp1632914150-37-null-7) [c:mhs_photos s:shard1 r:core_node2 x:mhs_photos_shard1_replica_n1 t:null-7] o.a.s.c.S.Request path=/select params={q=ndp&defType=edismax&qf=subject+keywords+headline+description&fl=id,file_name,directory,subject,keywords,headline,description&rows=10&wt=json} rid=null-7 hits=50 status=0 QTime=25
2026-06-17 21:30:58.544 INFO  (qtp1632914150-41-null-8) [c:mhs_photos s:shard1 r:core_node2 x:mhs_photos_shard1_replica_n1 t:null-8] o.a.s.c.S.Request path=/select params={q=ndp&defType=edismax&qf=subject+keywords+headline+description&fl=id,file_name,directory,subject,keywords,headline,description&rows=10&wt=json} rid=null-8 hits=50 status=0 QTime=18
2026-06-17 21:37:05.206 INFO  (JettyShutdownThread) [] o.e.j.s.Server Stopped oejs.Server@3a62c01e{STOPPING}[12.0.27,sto=0]
2026-06-17 21:37:05.242 INFO  (JettyShutdownThread) [] o.e.j.s.AbstractConnector Stopped ServerConnector@6f27730b{HTTP/1.1, (http/1.1, h2c)}{127.0.0.1:8983}
2026-06-17 21:37:05.251 INFO  (JettyShutdownThread) [] o.a.s.c.CoreContainer Shutting down CoreContainer instance=1623761043
2026-06-17 21:37:05.252 INFO  (JettyShutdownThread) [] o.a.s.c.ZkController Remove node as live in ZooKeeper:/live_nodes/localhost:8983_solr
2026-06-17 21:37:05.287 INFO  (zkCallback-12-thread-3) [] o.a.s.c.c.ZkStateReader Updated live nodes from ZooKeeper... (1) -> (0)
2026-06-17 21:37:05.310 INFO  (JettyShutdownThread) [] o.a.s.c.ZkController Publish this node as DOWN...
2026-06-17 21:37:05.310 INFO  (JettyShutdownThread) [] o.a.s.c.ZkController Publish node=localhost:8983_solr as DOWN
2026-06-17 21:37:05.353 INFO  (coreCloseExecutor-30-thread-1-processing-localhost:8983_solr) [c:mhs_photos s:shard1 r:core_node2 x:mhs_photos_shard1_replica_n1] o.a.s.c.SolrCore CLOSING SolrCore org.apache.solr.core.SolrCore@455bfe87 mhs_photos_shard1_replica_n1
2026-06-17 21:37:05.358 INFO  (coreCloseExecutor-30-thread-1-processing-localhost:8983_solr) [c:mhs_photos s:shard1 r:core_node2 x:mhs_photos_shard1_replica_n1] o.a.s.u.DirectUpdateHandler2 Committing on IndexWriter.close()  ... SKIPPED (unnecessary).
2026-06-17 21:37:05.358 INFO  (zkCallback-12-thread-3) [] o.a.s.c.c.ZkStateReader A cluster state change: [WatchedEvent state:SyncConnected type:NodeDataChanged path:/collections/mhs_photos/state.json zxid: -1] for collection [mhs_photos] has occurred - updating... (live nodes size: [0])
2026-06-17 21:37:05.402 INFO  (closeThreadPool-31-thread-1-processing-localhost:8983_solr) [] o.a.s.c.Overseer Overseer (id=72246417457152000-localhost:8983_solr-n_0000000009) closing
2026-06-17 21:37:05.403 INFO  (OverseerStateUpdate-72246417457152000-localhost:8983_solr-n_0000000009) [] o.a.s.c.Overseer Overseer Loop exiting : localhost:8983_solr
2026-06-17 21:37:05.405 INFO  (closeThreadPool-31-thread-2-processing-localhost:8983_solr) [] o.a.s.c.Overseer Overseer (id=72246417457152000-localhost:8983_solr-n_0000000009) closing
2026-06-17 21:37:05.407 INFO  (Curator-Framework-0) [] o.a.c.f.i.CuratorFrameworkImpl backgroundOperationsLoop exiting
2026-06-17 21:37:05.528 INFO  (JettyShutdownThread) [] o.a.s.c.Overseer Overseer (id=72246417457152000-localhost:8983_solr-n_0000000009) closing
2026-06-17 21:37:05.528 WARN  (embeddedZkServer) [] o.a.z.s.ZooKeeperServerMain Server interrupted =>java.lang.InterruptedException
	at java.base/java.util.concurrent.locks.AbstractQueuedSynchronizer.acquireSharedInterruptibly(AbstractQueuedSynchronizer.java:1134)

2026-06-17 21:37:05.528 INFO  (embeddedZkServer) [] o.a.s.c.SolrZkServer ZooKeeper Server exited.
2026-06-17 21:37:05.535 INFO  (JettyShutdownThread) [] o.e.j.e.s.ServletContextHandler Stopped oeje10w.WebAppContext@29d37757{solr-jetty-context,/solr,b=null,a=AVAILABLE,h=oeje10s.SessionHandler@4fcc529{STOPPED}}{/Users/gardness/Coding/mhs/mhs/solr-10.0.0/server/solr-webapp/webapp}
