[2026-06-17T13:51:40.021-0700][0.009s] CardTable entry size: 512
[2026-06-17T13:51:40.021-0700][0.010s] Using G1
[2026-06-17T13:51:40.151-0700][0.140s] Version: 21.0.11 (release)
[2026-06-17T13:51:40.151-0700][0.140s] CPUs: 12 total, 12 available
[2026-06-17T13:51:40.151-0700][0.140s] Memory: 65536M
[2026-06-17T13:51:40.151-0700][0.140s] Large Page Support: Disabled
[2026-06-17T13:51:40.151-0700][0.140s] NUMA Support: Disabled
[2026-06-17T13:51:40.151-0700][0.140s] Compressed Oops: Enabled (Zero based)
[2026-06-17T13:51:40.151-0700][0.140s] Heap Region Size: 1M
[2026-06-17T13:51:40.151-0700][0.140s] Heap Min Capacity: 512M
[2026-06-17T13:51:40.151-0700][0.140s] Heap Initial Capacity: 512M
[2026-06-17T13:51:40.151-0700][0.140s] Heap Max Capacity: 512M
[2026-06-17T13:51:40.151-0700][0.140s] Pre-touch: Enabled
[2026-06-17T13:51:40.151-0700][0.140s] Parallel Workers: 10
[2026-06-17T13:51:40.151-0700][0.140s] Concurrent Workers: 3
[2026-06-17T13:51:40.151-0700][0.140s] Concurrent Refinement Workers: 10
[2026-06-17T13:51:40.151-0700][0.140s] Periodic GC: Disabled
[2026-06-17T13:51:40.156-0700][0.144s] CDS archive(s) mapped at: [0x000000012a000000-0x000000012ac94000-0x000000012ac94000), size 13189120, SharedBaseAddress: 0x000000012a000000, ArchiveRelocationMode: 1.
[2026-06-17T13:51:40.156-0700][0.144s] Compressed class space mapped at: 0x000000012b000000-0x000000016b000000, reserved size: 1073741824
[2026-06-17T13:51:40.156-0700][0.144s] Narrow klass base: 0x000000012a000000, Narrow klass shift: 0, Narrow klass range: 0x100000000
[2026-06-17T13:51:41.734-0700][1.722s] GC(0) Pause Young (Normal) (G1 Evacuation Pause)
[2026-06-17T13:51:41.734-0700][1.723s] GC(0) Using 10 workers of 10 for evacuation
[2026-06-17T13:51:41.748-0700][1.736s] GC(0)   Pre Evacuate Collection Set: 0.55ms
[2026-06-17T13:51:41.748-0700][1.736s] GC(0)   Merge Heap Roots: 0.06ms
[2026-06-17T13:51:41.748-0700][1.736s] GC(0)   Evacuate Collection Set: 11.85ms
[2026-06-17T13:51:41.748-0700][1.736s] GC(0)   Post Evacuate Collection Set: 0.62ms
[2026-06-17T13:51:41.748-0700][1.736s] GC(0)   Other: 0.63ms
[2026-06-17T13:51:41.748-0700][1.736s] GC(0) Eden regions: 29->0(52)
[2026-06-17T13:51:41.748-0700][1.736s] GC(0) Survivor regions: 0->4(4)
[2026-06-17T13:51:41.748-0700][1.736s] GC(0) Old regions: 2->3
[2026-06-17T13:51:41.748-0700][1.736s] GC(0) Humongous regions: 0->0
[2026-06-17T13:51:41.748-0700][1.736s] GC(0) Metaspace: 10269K(10496K)->10269K(10496K) NonClass: 9093K(9216K)->9093K(9216K) Class: 1175K(1280K)->1175K(1280K)
[2026-06-17T13:51:41.748-0700][1.737s] GC(0) Pause Young (Normal) (G1 Evacuation Pause) 30M->5M(512M) 14.176ms
[2026-06-17T13:51:41.748-0700][1.737s] GC(0) User=0.02s Sys=0.01s Real=0.01s
[2026-06-17T13:51:42.712-0700][2.701s] GC(1) Pause Young (Normal) (G1 Evacuation Pause)
[2026-06-17T13:51:42.712-0700][2.701s] GC(1) Using 10 workers of 10 for evacuation
[2026-06-17T13:51:42.722-0700][2.710s] GC(1)   Pre Evacuate Collection Set: 0.12ms
[2026-06-17T13:51:42.722-0700][2.710s] GC(1)   Merge Heap Roots: 0.05ms
[2026-06-17T13:51:42.722-0700][2.710s] GC(1)   Evacuate Collection Set: 8.68ms
[2026-06-17T13:51:42.722-0700][2.710s] GC(1)   Post Evacuate Collection Set: 0.34ms
[2026-06-17T13:51:42.722-0700][2.710s] GC(1)   Other: 0.05ms
[2026-06-17T13:51:42.722-0700][2.710s] GC(1) Eden regions: 52->0(102)
[2026-06-17T13:51:42.722-0700][2.710s] GC(1) Survivor regions: 4->7(7)
[2026-06-17T13:51:42.722-0700][2.710s] GC(1) Old regions: 3->10
[2026-06-17T13:51:42.722-0700][2.710s] GC(1) Humongous regions: 4->4
[2026-06-17T13:51:42.722-0700][2.710s] GC(1) Metaspace: 19052K(19520K)->19052K(19520K) NonClass: 16834K(17088K)->16834K(17088K) Class: 2217K(2432K)->2217K(2432K)
[2026-06-17T13:51:42.722-0700][2.710s] GC(1) Pause Young (Normal) (G1 Evacuation Pause) 61M->19M(512M) 9.474ms
[2026-06-17T13:51:42.722-0700][2.710s] GC(1) User=0.03s Sys=0.01s Real=0.01s
[2026-06-17T13:51:43.308-0700][3.296s] GC(2) Pause Young (Concurrent Start) (Metadata GC Threshold)
[2026-06-17T13:51:43.308-0700][3.297s] GC(2) Using 10 workers of 10 for evacuation
[2026-06-17T13:51:43.312-0700][3.301s] GC(2)   Pre Evacuate Collection Set: 0.19ms
[2026-06-17T13:51:43.312-0700][3.301s] GC(2)   Merge Heap Roots: 0.03ms
[2026-06-17T13:51:43.312-0700][3.301s] GC(2)   Evacuate Collection Set: 3.16ms
[2026-06-17T13:51:43.312-0700][3.301s] GC(2)   Post Evacuate Collection Set: 0.58ms
[2026-06-17T13:51:43.312-0700][3.301s] GC(2)   Other: 0.14ms
[2026-06-17T13:51:43.312-0700][3.301s] GC(2) Eden regions: 58->0(107)
[2026-06-17T13:51:43.312-0700][3.301s] GC(2) Survivor regions: 7->10(13)
[2026-06-17T13:51:43.312-0700][3.301s] GC(2) Old regions: 10->17
[2026-06-17T13:51:43.312-0700][3.301s] GC(2) Humongous regions: 4->4
[2026-06-17T13:51:43.312-0700][3.301s] GC(2) Metaspace: 21002K(21504K)->21002K(21504K) NonClass: 18560K(18816K)->18560K(18816K) Class: 2441K(2688K)->2441K(2688K)
[2026-06-17T13:51:43.312-0700][3.301s] GC(2) Pause Young (Concurrent Start) (Metadata GC Threshold) 77M->30M(512M) 4.321ms
[2026-06-17T13:51:43.312-0700][3.301s] GC(2) User=0.02s Sys=0.01s Real=0.01s
[2026-06-17T13:51:43.312-0700][3.301s] GC(3) Concurrent Mark Cycle
[2026-06-17T13:51:43.312-0700][3.301s] GC(3) Concurrent Scan Root Regions
[2026-06-17T13:51:43.316-0700][3.305s] GC(3) Concurrent Scan Root Regions 3.770ms
[2026-06-17T13:51:43.318-0700][3.306s] GC(3) Concurrent Mark
[2026-06-17T13:51:43.318-0700][3.306s] GC(3) Concurrent Mark From Roots
[2026-06-17T13:51:43.318-0700][3.307s] GC(3) Using 3 workers of 3 for marking
[2026-06-17T13:51:43.322-0700][3.310s] GC(3) Concurrent Mark From Roots 4.160ms
[2026-06-17T13:51:43.322-0700][3.311s] GC(3) Concurrent Preclean
[2026-06-17T13:51:43.322-0700][3.311s] GC(3) Concurrent Preclean 0.023ms
[2026-06-17T13:51:43.322-0700][3.311s] GC(3) Pause Remark
[2026-06-17T13:51:43.334-0700][3.322s] GC(3) Pause Remark 30M->30M(512M) 11.590ms
[2026-06-17T13:51:43.334-0700][3.323s] GC(3) User=0.01s Sys=0.01s Real=0.01s
[2026-06-17T13:51:43.334-0700][3.323s] GC(3) Concurrent Mark 16.423ms
[2026-06-17T13:51:43.334-0700][3.323s] GC(3) Concurrent Rebuild Remembered Sets and Scrub Regions
[2026-06-17T13:51:43.339-0700][3.327s] GC(3) Concurrent Rebuild Remembered Sets and Scrub Regions 4.713ms
[2026-06-17T13:51:43.339-0700][3.328s] GC(3) Pause Cleanup
[2026-06-17T13:51:43.340-0700][3.328s] GC(3) Pause Cleanup 30M->30M(512M) 0.058ms
[2026-06-17T13:51:43.340-0700][3.328s] GC(3) User=0.00s Sys=0.00s Real=0.01s
[2026-06-17T13:51:43.340-0700][3.328s] GC(3) Concurrent Clear Claimed Marks
[2026-06-17T13:51:43.340-0700][3.328s] GC(3) Concurrent Clear Claimed Marks 0.071ms
[2026-06-17T13:51:43.340-0700][3.328s] GC(3) Concurrent Cleanup for Next Mark
[2026-06-17T13:51:43.341-0700][3.329s] GC(3) Concurrent Cleanup for Next Mark 0.968ms
[2026-06-17T13:51:43.341-0700][3.329s] GC(3) Concurrent Mark Cycle 28.422ms
[2026-06-17T13:51:45.417-0700][5.405s] GC(4) Pause Young (Prepare Mixed) (Metadata GC Threshold)
[2026-06-17T13:51:45.417-0700][5.406s] GC(4) Using 10 workers of 10 for evacuation
[2026-06-17T13:51:45.421-0700][5.409s] GC(4)   Pre Evacuate Collection Set: 0.11ms
[2026-06-17T13:51:45.421-0700][5.409s] GC(4)   Merge Heap Roots: 0.86ms
[2026-06-17T13:51:45.421-0700][5.409s] GC(4)   Evacuate Collection Set: 2.50ms
[2026-06-17T13:51:45.421-0700][5.409s] GC(4)   Post Evacuate Collection Set: 0.26ms
[2026-06-17T13:51:45.421-0700][5.409s] GC(4)   Other: 0.05ms
[2026-06-17T13:51:45.421-0700][5.409s] GC(4) Eden regions: 86->0(202)
[2026-06-17T13:51:45.421-0700][5.409s] GC(4) Survivor regions: 10->5(15)
[2026-06-17T13:51:45.421-0700][5.409s] GC(4) Old regions: 17->23
[2026-06-17T13:51:45.421-0700][5.409s] GC(4) Humongous regions: 4->4
[2026-06-17T13:51:45.421-0700][5.409s] GC(4) Metaspace: 35383K(35968K)->35383K(35968K) NonClass: 31243K(31552K)->31243K(31552K) Class: 4140K(4416K)->4140K(4416K)
[2026-06-17T13:51:45.421-0700][5.409s] GC(4) Pause Young (Prepare Mixed) (Metadata GC Threshold) 115M->29M(512M) 3.982ms
[2026-06-17T13:51:45.421-0700][5.409s] GC(4) User=0.02s Sys=0.00s Real=0.01s
[2026-06-17T13:51:45.436-0700][5.425s] GC(5) Pause Young (Mixed) (Metadata GC Threshold)
[2026-06-17T13:51:45.436-0700][5.425s] GC(5) Using 10 workers of 10 for evacuation
[2026-06-17T13:51:45.438-0700][5.427s] GC(5)   Pre Evacuate Collection Set: 0.13ms
[2026-06-17T13:51:45.438-0700][5.427s] GC(5)   Merge Heap Roots: 0.03ms
[2026-06-17T13:51:45.438-0700][5.427s] GC(5)   Evacuate Collection Set: 1.51ms
[2026-06-17T13:51:45.438-0700][5.427s] GC(5)   Post Evacuate Collection Set: 0.20ms
[2026-06-17T13:51:45.438-0700][5.427s] GC(5)   Other: 0.12ms
[2026-06-17T13:51:45.438-0700][5.427s] GC(5) Eden regions: 2->0(208)
[2026-06-17T13:51:45.439-0700][5.427s] GC(5) Survivor regions: 5->4(27)
[2026-06-17T13:51:45.439-0700][5.427s] GC(5) Old regions: 23->22
[2026-06-17T13:51:45.439-0700][5.427s] GC(5) Humongous regions: 4->4
[2026-06-17T13:51:45.439-0700][5.427s] GC(5) Metaspace: 35692K(36288K)->35692K(36288K) NonClass: 31523K(31808K)->31523K(31808K) Class: 4169K(4480K)->4169K(4480K)
[2026-06-17T13:51:45.439-0700][5.427s] GC(5) Pause Young (Mixed) (Metadata GC Threshold) 31M->29M(512M) 2.125ms
[2026-06-17T13:51:45.439-0700][5.427s] GC(5) User=0.01s Sys=0.00s Real=0.00s
[2026-06-17T13:51:45.492-0700][5.480s] GC(6) Pause Young (Concurrent Start) (Metadata GC Threshold)
[2026-06-17T13:51:45.492-0700][5.480s] GC(6) Using 10 workers of 10 for evacuation
[2026-06-17T13:51:45.493-0700][5.482s] GC(6)   Pre Evacuate Collection Set: 0.11ms
[2026-06-17T13:51:45.493-0700][5.482s] GC(6)   Merge Heap Roots: 0.03ms
[2026-06-17T13:51:45.493-0700][5.482s] GC(6)   Evacuate Collection Set: 1.25ms
[2026-06-17T13:51:45.493-0700][5.482s] GC(6)   Post Evacuate Collection Set: 0.18ms
[2026-06-17T13:51:45.493-0700][5.482s] GC(6)   Other: 0.04ms
[2026-06-17T13:51:45.493-0700][5.482s] GC(6) Eden regions: 2->0(293)
[2026-06-17T13:51:45.493-0700][5.482s] GC(6) Survivor regions: 4->5(27)
[2026-06-17T13:51:45.493-0700][5.482s] GC(6) Old regions: 22->22
[2026-06-17T13:51:45.493-0700][5.482s] GC(6) Humongous regions: 4->4
[2026-06-17T13:51:45.493-0700][5.482s] GC(6) Metaspace: 36017K(36608K)->36017K(36608K) NonClass: 31816K(32128K)->31816K(32128K) Class: 4201K(4480K)->4201K(4480K)
[2026-06-17T13:51:45.493-0700][5.482s] GC(6) Pause Young (Concurrent Start) (Metadata GC Threshold) 31M->29M(512M) 1.738ms
[2026-06-17T13:51:45.493-0700][5.482s] GC(6) User=0.01s Sys=0.00s Real=0.00s
[2026-06-17T13:51:45.493-0700][5.482s] GC(7) Concurrent Mark Cycle
[2026-06-17T13:51:45.493-0700][5.482s] GC(7) Concurrent Scan Root Regions
[2026-06-17T13:51:45.494-0700][5.483s] GC(7) Concurrent Scan Root Regions 0.848ms
[2026-06-17T13:51:45.494-0700][5.483s] GC(7) Concurrent Mark
[2026-06-17T13:51:45.494-0700][5.483s] GC(7) Concurrent Mark From Roots
[2026-06-17T13:51:45.494-0700][5.483s] GC(7) Using 3 workers of 3 for marking
[2026-06-17T13:51:45.502-0700][5.491s] GC(7) Concurrent Mark From Roots 7.705ms
[2026-06-17T13:51:45.502-0700][5.491s] GC(7) Concurrent Preclean
[2026-06-17T13:51:45.502-0700][5.491s] GC(7) Concurrent Preclean 0.060ms
[2026-06-17T13:51:45.502-0700][5.491s] GC(7) Pause Remark
[2026-06-17T13:51:45.511-0700][5.499s] GC(7) Pause Remark 30M->30M(512M) 8.246ms
[2026-06-17T13:51:45.511-0700][5.499s] GC(7) User=0.02s Sys=0.01s Real=0.01s
[2026-06-17T13:51:45.511-0700][5.499s] GC(7) Concurrent Mark 16.348ms
[2026-06-17T13:51:45.511-0700][5.499s] GC(7) Concurrent Rebuild Remembered Sets and Scrub Regions
[2026-06-17T13:51:45.513-0700][5.502s] GC(7) Concurrent Rebuild Remembered Sets and Scrub Regions 2.376ms
[2026-06-17T13:51:45.514-0700][5.502s] GC(7) Pause Cleanup
[2026-06-17T13:51:45.514-0700][5.502s] GC(7) Pause Cleanup 30M->30M(512M) 0.085ms
[2026-06-17T13:51:45.514-0700][5.502s] GC(7) User=0.00s Sys=0.00s Real=0.00s
[2026-06-17T13:51:45.514-0700][5.502s] GC(7) Concurrent Clear Claimed Marks
[2026-06-17T13:51:45.514-0700][5.502s] GC(7) Concurrent Clear Claimed Marks 0.026ms
[2026-06-17T13:51:45.514-0700][5.502s] GC(7) Concurrent Cleanup for Next Mark
[2026-06-17T13:51:45.514-0700][5.502s] GC(7) Concurrent Cleanup for Next Mark 0.097ms
[2026-06-17T13:51:45.517-0700][5.505s] GC(7) Concurrent Mark Cycle 23.237ms
[2026-06-17T13:52:19.012-0700][39.000s] GC(8) Pause Young (Prepare Mixed) (Metadata GC Threshold)
[2026-06-17T13:52:19.012-0700][39.001s] GC(8) Using 10 workers of 10 for evacuation
[2026-06-17T13:52:19.024-0700][39.013s] GC(8)   Pre Evacuate Collection Set: 0.20ms
[2026-06-17T13:52:19.024-0700][39.013s] GC(8)   Merge Heap Roots: 0.07ms
[2026-06-17T13:52:19.024-0700][39.013s] GC(8)   Evacuate Collection Set: 11.38ms
[2026-06-17T13:52:19.024-0700][39.013s] GC(8)   Post Evacuate Collection Set: 0.60ms
[2026-06-17T13:52:19.024-0700][39.013s] GC(8)   Other: 0.07ms
[2026-06-17T13:52:19.024-0700][39.013s] GC(8) Eden regions: 190->0(283)
[2026-06-17T13:52:19.024-0700][39.013s] GC(8) Survivor regions: 5->24(37)
[2026-06-17T13:52:19.024-0700][39.013s] GC(8) Old regions: 22->22
[2026-06-17T13:52:19.024-0700][39.013s] GC(8) Humongous regions: 4->4
[2026-06-17T13:52:19.024-0700][39.013s] GC(8) Metaspace: 60551K(61248K)->60551K(61248K) NonClass: 53340K(53760K)->53340K(53760K) Class: 7211K(7488K)->7211K(7488K)
[2026-06-17T13:52:19.024-0700][39.013s] GC(8) Pause Young (Prepare Mixed) (Metadata GC Threshold) 219M->49M(512M) 12.752ms
[2026-06-17T13:52:19.024-0700][39.013s] GC(8) User=0.05s Sys=0.03s Real=0.01s
[2026-06-17T13:52:19.162-0700][39.151s] GC(9) Pause Young (Mixed) (Metadata GC Threshold)
[2026-06-17T13:52:19.162-0700][39.151s] GC(9) Using 10 workers of 10 for evacuation
[2026-06-17T13:52:19.169-0700][39.157s] GC(9)   Pre Evacuate Collection Set: 0.15ms
[2026-06-17T13:52:19.169-0700][39.157s] GC(9)   Merge Heap Roots: 0.04ms
[2026-06-17T13:52:19.169-0700][39.157s] GC(9)   Evacuate Collection Set: 5.70ms
[2026-06-17T13:52:19.169-0700][39.157s] GC(9)   Post Evacuate Collection Set: 0.43ms
[2026-06-17T13:52:19.169-0700][39.157s] GC(9)   Other: 0.05ms
[2026-06-17T13:52:19.169-0700][39.157s] GC(9) Eden regions: 14->0(284)
[2026-06-17T13:52:19.169-0700][39.157s] GC(9) Survivor regions: 24->23(39)
[2026-06-17T13:52:19.169-0700][39.157s] GC(9) Old regions: 22->25
[2026-06-17T13:52:19.169-0700][39.157s] GC(9) Humongous regions: 4->4
[2026-06-17T13:52:19.169-0700][39.157s] GC(9) Metaspace: 60888K(61568K)->60888K(61568K) NonClass: 53633K(54016K)->53633K(54016K) Class: 7255K(7552K)->7255K(7552K)
[2026-06-17T13:52:19.169-0700][39.158s] GC(9) Pause Young (Mixed) (Metadata GC Threshold) 63M->50M(512M) 6.582ms
[2026-06-17T13:52:19.169-0700][39.158s] GC(9) User=0.03s Sys=0.00s Real=0.00s
[2026-06-17T13:52:19.256-0700][39.245s] GC(10) Pause Young (Concurrent Start) (Metadata GC Threshold)
[2026-06-17T13:52:19.256-0700][39.245s] GC(10) Using 10 workers of 10 for evacuation
[2026-06-17T13:52:19.264-0700][39.253s] GC(10)   Pre Evacuate Collection Set: 0.17ms
[2026-06-17T13:52:19.264-0700][39.253s] GC(10)   Merge Heap Roots: 0.04ms
[2026-06-17T13:52:19.264-0700][39.253s] GC(10)   Evacuate Collection Set: 7.65ms
[2026-06-17T13:52:19.264-0700][39.253s] GC(10)   Post Evacuate Collection Set: 0.25ms
[2026-06-17T13:52:19.264-0700][39.253s] GC(10)   Other: 0.06ms
[2026-06-17T13:52:19.264-0700][39.253s] GC(10) Eden regions: 10->0(302)
[2026-06-17T13:52:19.264-0700][39.253s] GC(10) Survivor regions: 23->5(39)
[2026-06-17T13:52:19.264-0700][39.253s] GC(10) Old regions: 25->45
[2026-06-17T13:52:19.264-0700][39.253s] GC(10) Humongous regions: 4->4
[2026-06-17T13:52:19.264-0700][39.253s] GC(10) Metaspace: 61149K(61888K)->61149K(61888K) NonClass: 53868K(54272K)->53868K(54272K) Class: 7280K(7616K)->7280K(7616K)
[2026-06-17T13:52:19.264-0700][39.253s] GC(10) Pause Young (Concurrent Start) (Metadata GC Threshold) 60M->52M(512M) 8.353ms
[2026-06-17T13:52:19.264-0700][39.253s] GC(11) Concurrent Mark Cycle
[2026-06-17T13:52:19.264-0700][39.253s] GC(10) User=0.03s Sys=0.03s Real=0.01s
[2026-06-17T13:52:19.264-0700][39.253s] GC(11) Concurrent Scan Root Regions
[2026-06-17T13:52:19.267-0700][39.256s] GC(11) Concurrent Scan Root Regions 3.051ms
[2026-06-17T13:52:19.267-0700][39.256s] GC(11) Concurrent Mark
[2026-06-17T13:52:19.267-0700][39.256s] GC(11) Concurrent Mark From Roots
[2026-06-17T13:52:19.267-0700][39.256s] GC(11) Using 3 workers of 3 for marking
[2026-06-17T13:52:19.274-0700][39.263s] GC(11) Concurrent Mark From Roots 6.551ms
[2026-06-17T13:52:19.274-0700][39.263s] GC(11) Concurrent Preclean
[2026-06-17T13:52:19.274-0700][39.263s] GC(11) Concurrent Preclean 0.098ms
[2026-06-17T13:52:19.274-0700][39.263s] GC(11) Pause Remark
[2026-06-17T13:52:19.301-0700][39.290s] GC(11) Pause Remark 54M->54M(512M) 26.911ms
[2026-06-17T13:52:19.301-0700][39.290s] GC(11) User=0.04s Sys=0.03s Real=0.03s
[2026-06-17T13:52:19.301-0700][39.290s] GC(11) Concurrent Mark 33.979ms
[2026-06-17T13:52:19.301-0700][39.290s] GC(11) Concurrent Rebuild Remembered Sets and Scrub Regions
[2026-06-17T13:52:19.307-0700][39.296s] GC(11) Concurrent Rebuild Remembered Sets and Scrub Regions 5.612ms
[2026-06-17T13:52:19.307-0700][39.296s] GC(11) Pause Cleanup
[2026-06-17T13:52:19.308-0700][39.296s] GC(11) Pause Cleanup 54M->54M(512M) 0.108ms
[2026-06-17T13:52:19.308-0700][39.296s] GC(11) User=0.00s Sys=0.00s Real=0.00s
[2026-06-17T13:52:19.308-0700][39.296s] GC(11) Concurrent Clear Claimed Marks
[2026-06-17T13:52:19.308-0700][39.296s] GC(11) Concurrent Clear Claimed Marks 0.036ms
[2026-06-17T13:52:19.308-0700][39.296s] GC(11) Concurrent Cleanup for Next Mark
[2026-06-17T13:52:19.308-0700][39.296s] GC(11) Concurrent Cleanup for Next Mark 0.095ms
[2026-06-17T13:52:19.308-0700][39.297s] GC(11) Concurrent Mark Cycle 43.500ms
[2026-06-17T14:37:05.542-0700][2725.574s] Heap
[2026-06-17T14:37:05.543-0700][2725.575s]  garbage-first heap   total 524288K, used 246250K [0x00000007e0000000, 0x0000000800000000)
[2026-06-17T14:37:05.543-0700][2725.575s]   region size 1024K, 193 young (197632K), 5 survivors (5120K)
[2026-06-17T14:37:05.543-0700][2725.575s]  Metaspace       used 77485K, committed 78400K, reserved 1179648K
[2026-06-17T14:37:05.543-0700][2725.575s]   class space    used 9423K, committed 9792K, reserved 1048576K
